Archive member included to satisfy reference by file (symbol)

C:/ST/STM32CubeIDE_1.19.0/STM32CubeIDE/plugins/com.st.stm32cube.ide.mcu.externaltools.gnu-tools-for-stm32.13.3.rel1.win32_1.0.0.202411081344/tools/bin/../lib/gcc/arm-none-eabi/13.3.1/../../../../arm-none-eabi/lib/thumb/v7e-m+fp/hard\libc_nano.a(libc_a-exit.o)
                              C:/ST/STM32CubeIDE_1.19.0/STM32CubeIDE/plugins/com.st.stm32cube.ide.mcu.externaltools.gnu-tools-for-stm32.13.3.rel1.win32_1.0.0.202411081344/tools/bin/../lib/gcc/arm-none-eabi/13.3.1/../../../../arm-none-eabi/lib/thumb/v7e-m+fp/hard/crt0.o (exit)
C:/ST/STM32CubeIDE_1.19.0/STM32CubeIDE/plugins/com.st.stm32cube.ide.mcu.externaltools.gnu-tools-for-stm32.13.3.rel1.win32_1.0.0.202411081344/tools/bin/../lib/gcc/arm-none-eabi/13.3.1/../../../../arm-none-eabi/lib/thumb/v7e-m+fp/hard\libc_nano.a(libc_a-findfp.o)
                              C:/ST/STM32CubeIDE_1.19.0/STM32CubeIDE/plugins/com.st.stm32cube.ide.mcu.externaltools.gnu-tools-for-stm32.13.3.rel1.win32_1.0.0.202411081344/tools/bin/../lib/gcc/arm-none-eabi/13.3.1/../../../../arm-none-eabi/lib/thumb/v7e-m+fp/hard\libc_nano.a(libc_a-exit.o) (__stdio_exit_handler)
C:/ST/STM32CubeIDE_1.19.0/STM32CubeIDE/plugins/com.st.stm32cube.ide.mcu.externaltools.gnu-tools-for-stm32.13.3.rel1.win32_1.0.0.202411081344/tools/bin/../lib/gcc/arm-none-eabi/13.3.1/../../../../arm-none-eabi/lib/thumb/v7e-m+fp/hard\libc_nano.a(libc_a-fwalk.o)
                              C:/ST/STM32CubeIDE_1.19.0/STM32CubeIDE/plugins/com.st.stm32cube.ide.mcu.externaltools.gnu-tools-for-stm32.13.3.rel1.win32_1.0.0.202411081344/tools/bin/../lib/gcc/arm-none-eabi/13.3.1/../../../../arm-none-eabi/lib/thumb/v7e-m+fp/hard\libc_nano.a(libc_a-findfp.o) (_fwalk_sglue)
C:/ST/STM32CubeIDE_1.19.0/STM32CubeIDE/plugins/com.st.stm32cube.ide.mcu.externaltools.gnu-tools-for-stm32.13.3.rel1.win32_1.0.0.202411081344/tools/bin/../lib/gcc/arm-none-eabi/13.3.1/../../../../arm-none-eabi/lib/thumb/v7e-m+fp/hard\libc_nano.a(libc_a-stdio.o)
                              C:/ST/STM32CubeIDE_1.19.0/STM32CubeIDE/plugins/com.st.stm32cube.ide.mcu.externaltools.gnu-tools-for-stm32.13.3.rel1.win32_1.0.0.202411081344/tools/bin/../lib/gcc/arm-none-eabi/13.3.1/../../../../arm-none-eabi/lib/thumb/v7e-m+fp/hard\libc_nano.a(libc_a-findfp.o) (__sread)
C:/ST/STM32CubeIDE_1.19.0/STM32CubeIDE/plugins/com.st.stm32cube.ide.mcu.externaltools.gnu-tools-for-stm32.13.3.rel1.win32_1.0.0.202411081344/tools/bin/../lib/gcc/arm-none-eabi/13.3.1/../../../../arm-none-eabi/lib/thumb/v7e-m+fp/hard\libc_nano.a(libc_a-memset.o)
                              C:/ST/STM32CubeIDE_1.19.0/STM32CubeIDE/plugins/com.st.stm32cube.ide.mcu.externaltools.gnu-tools-for-stm32.13.3.rel1.win32_1.0.0.202411081344/tools/bin/../lib/gcc/arm-none-eabi/13.3.1/../../../../arm-none-eabi/lib/thumb/v7e-m+fp/hard/crt0.o (memset)
C:/ST/STM32CubeIDE_1.19.0/STM32CubeIDE/plugins/com.st.stm32cube.ide.mcu.externaltools.gnu-tools-for-stm32.13.3.rel1.win32_1.0.0.202411081344/tools/bin/../lib/gcc/arm-none-eabi/13.3.1/../../../../arm-none-eabi/lib/thumb/v7e-m+fp/hard\libc_nano.a(libc_a-closer.o)
                              C:/ST/STM32CubeIDE_1.19.0/STM32CubeIDE/plugins/com.st.stm32cube.ide.mcu.externaltools.gnu-tools-for-stm32.13.3.rel1.win32_1.0.0.202411081344/tools/bin/../lib/gcc/arm-none-eabi/13.3.1/../../../../arm-none-eabi/lib/thumb/v7e-m+fp/hard\libc_nano.a(libc_a-stdio.o) (_close_r)
C:/ST/STM32CubeIDE_1.19.0/STM32CubeIDE/plugins/com.st.stm32cube.ide.mcu.externaltools.gnu-tools-for-stm32.13.3.rel1.win32_1.0.0.202411081344/tools/bin/../lib/gcc/arm-none-eabi/13.3.1/../../../../arm-none-eabi/lib/thumb/v7e-m+fp/hard\libc_nano.a(libc_a-reent.o)
                              C:/ST/STM32CubeIDE_1.19.0/STM32CubeIDE/plugins/com.st.stm32cube.ide.mcu.externaltools.gnu-tools-for-stm32.13.3.rel1.win32_1.0.0.202411081344/tools/bin/../lib/gcc/arm-none-eabi/13.3.1/../../../../arm-none-eabi/lib/thumb/v7e-m+fp/hard\libc_nano.a(libc_a-closer.o) (errno)
C:/ST/STM32CubeIDE_1.19.0/STM32CubeIDE/plugins/com.st.stm32cube.ide.mcu.externaltools.gnu-tools-for-stm32.13.3.rel1.win32_1.0.0.202411081344/tools/bin/../lib/gcc/arm-none-eabi/13.3.1/../../../../arm-none-eabi/lib/thumb/v7e-m+fp/hard\libc_nano.a(libc_a-impure.o)
                              C:/ST/STM32CubeIDE_1.19.0/STM32CubeIDE/plugins/com.st.stm32cube.ide.mcu.externaltools.gnu-tools-for-stm32.13.3.rel1.win32_1.0.0.202411081344/tools/bin/../lib/gcc/arm-none-eabi/13.3.1/../../../../arm-none-eabi/lib/thumb/v7e-m+fp/hard\libc_nano.a(libc_a-reent.o) (_impure_ptr)
C:/ST/STM32CubeIDE_1.19.0/STM32CubeIDE/plugins/com.st.stm32cube.ide.mcu.externaltools.gnu-tools-for-stm32.13.3.rel1.win32_1.0.0.202411081344/tools/bin/../lib/gcc/arm-none-eabi/13.3.1/../../../../arm-none-eabi/lib/thumb/v7e-m+fp/hard\libc_nano.a(libc_a-lseekr.o)
[...]
Memory Configuration

Name             Origin             Length             Attributes
CCMRAM           0x10000000         0x00010000         xrw
RAM              0x20000000         0x00020000         xrw
FLASH            0x08000000         0x00100000         xr
*default*        0x00000000         0xffffffff

Linker script and memory map

LOAD C:/ST/STM32CubeIDE_1.19.0/STM32CubeIDE/plugins/com.st.stm32cube.ide.mcu.externaltools.gnu-tools-for-stm32.13.3.rel1.win32_1.0.0.202411081344/tools/bin/../lib/gcc/arm-none-eabi/13.3.1/thumb/v7e-m+fp/hard/crti.o
LOAD C:/ST/STM32CubeIDE_1.19.0/STM32CubeIDE/plugins/com.st.stm32cube.ide.mcu.externaltools.gnu-tools-for-stm32.13.3.rel1.win32_1.0.0.202411081344/tools/bin/../lib/gcc/arm-none-eabi/13.3.1/thumb/v7e-m+fp/hard/crtbegin.o
LOAD C:/ST/STM32CubeIDE_1.19.0/STM32CubeIDE/plugins/com.st.stm32cube.ide.mcu.externaltools.gnu-tools-for-stm32.13.3.rel1.win32_1.0.0.202411081344/tools/bin/../lib/gcc/arm-none-eabi/13.3.1/../../../../arm-none-eabi/lib/thumb/v7e-m+fp/hard/crt0.o
LOAD ./Core/Src/adc.o
LOAD ./Core/Src/dma.o
LOAD ./Core/Src/gpio.o
LOAD ./Core/Src/leds.o
LOAD ./Core/Src/main.o
LOAD ./Core/Src/spi.o
LOAD ./Core/Src/stm32f4xx_hal_msp.o
LOAD ./Core/Src/stm32f4xx_it.o
LOAD ./Core/Src/syscalls.o
LOAD ./Core/Src/sysmem.o
LOAD ./Core/Src/system_stm32f4xx.o
LOAD ./Core/Src/temperature.o
LOAD ./Core/Src/imu/icm42688_caller.o
LOAD ./Core/Src/imu/icm42688_core.o
LOAD ./Core/Startup/startup_stm32f405rgtx.o
LOAD ./Drivers/STM32F4xx_HAL_Driver/Src/stm32f4xx_hal.o
LOAD ./Drivers/STM32F4xx_HAL_Driver/Src/stm32f4xx_hal_adc.o
LOAD ./Drivers/STM32F4xx_HAL_Driver/Src/stm32f4xx_hal_adc_ex.o
LOAD ./Drivers/STM32F4xx_HAL_Driver/Src/stm32f4xx_hal_cortex.o
LOAD ./Drivers/STM32F4xx_HAL_Driver/Src/stm32f4xx_hal_dma.o
LOAD ./Drivers/STM32F4xx_HAL_Driver/Src/stm32f4xx_hal_dma_ex.o
LOAD ./Drivers/STM32F4xx_HAL_Driver/Src/stm32f4xx_hal_exti.o
LOAD ./Drivers/STM32F4xx_HAL_Driver/Src/stm32f4xx_hal_flash.o
LOAD ./Drivers/STM32F4xx_HAL_Driver/Src/stm32f4xx_hal_flash_ex.o
LOAD ./Drivers/STM32F4xx_HAL_Driver/Src/stm32f4xx_hal_flash_ramfunc.o
LOAD ./Drivers/STM32F4xx_HAL_Driver/Src/stm32f4xx_hal_gpio.o
LOAD ./Drivers/STM32F4xx_HAL_Driver/Src/stm32f4xx_hal_pwr.o
LOAD ./Drivers/STM32F4xx_HAL_Driver/Src/stm32f4xx_hal_pwr_ex.o
LOAD ./Drivers/STM32F4xx_HAL_Driver/Src/stm32f4xx_hal_rcc.o
LOAD ./Drivers/STM32F4xx_HAL_Driver/Src/stm32f4xx_hal_rcc_ex.o
LOAD ./Drivers/STM32F4xx_HAL_Driver/Src/stm32f4xx_hal_spi.o
LOAD ./Drivers/STM32F4xx_HAL_Driver/Src/stm32f4xx_ll_adc.o
START GROUP
LOAD C:/ST/STM32CubeIDE_1.19.0/STM32CubeIDE/plugins/com.st.stm32cube.ide.mcu.externaltools.gnu-tools-for-stm32.13.3.rel1.win32_1.0.0.202411081344/tools/bin/../lib/gcc/arm-none-eabi/13.3.1/../../../../arm-none-eabi/lib/thumb/v7e-m+fp/hard\libc_nano.a
LOAD C:/ST/STM32CubeIDE_1.19.0/STM32CubeIDE/plugins/com.st.stm32cube.ide.mcu.externaltools.gnu-tools-for-stm32.13.3.rel1.win32_1.0.0.202411081344/tools/bin/../lib/gcc/arm-none-eabi/13.3.1/../../../../arm-none-eabi/lib/thumb/v7e-m+fp/hard\libm.a
END GROUP
START GROUP
LOAD C:/ST/STM32CubeIDE_1.19.0/STM32CubeIDE/plugins/com.st.stm32cube.ide.mcu.externaltools.gnu-tools-for-stm32.13.3.rel1.win32_1.0.0.202411081344/tools/bin/../lib/gcc/arm-none-eabi/13.3.1/thumb/v7e-m+fp/hard\libgcc.a
LOAD C:/ST/STM32CubeIDE_1.19.0/STM32CubeIDE/plugins/com.st.stm32cube.ide.mcu.externaltools.gnu-tools-for-stm32.13.3.rel1.win32_1.0.0.202411081344/tools/bin/../lib/gcc/arm-none-eabi/13.3.1/../../../../arm-none-eabi/lib/thumb/v7e-m+fp/hard\libc_nano.a
END GROUP
START GROUP
LOAD C:/ST/STM32CubeIDE_1.19.0/STM32CubeIDE/plugins/com.st.stm32cube.ide.mcu.externaltools.gnu-tools-for-stm32.13.3.rel1.win32_1.0.0.202411081344/tools/bin/../lib/gcc/arm-none-eabi/13.3.1/thumb/v7e-m+fp/hard\libgcc.a
LOAD C:/ST/STM32CubeIDE_1.19.0/STM32CubeIDE/plugins/com.st.stm32cube.ide.mcu.externaltools.gnu-tools-for-stm32.13.3.rel1.win32_1.0.0.202411081344/tools/bin/../lib/gcc/arm-none-eabi/13.3.1/../../../../arm-none-eabi/lib/thumb/v7e-m+fp/hard\libc_nano.a
LOAD C:/ST/STM32CubeIDE_1.19.0/STM32CubeIDE/plugins/com.st.stm32cube.ide.mcu.externaltools.gnu-tools-for-stm32.13.3.rel1.win32_1.0.0.202411081344/tools/bin/../lib/gcc/arm-none-eabi/13.3.1/../../../../arm-none-eabi/lib/thumb/v7e-m+fp/hard\libnosys.a
END GROUP
START GROUP
LOAD C:/ST/STM32CubeIDE_1.19.0/STM32CubeIDE/plugins/com.st.stm32cube.ide.mcu.externaltools.gnu-tools-for-stm32.13.3.rel1.win32_1.0.0.202411081344/tools/bin/../lib/gcc/arm-none-eabi/13.3.1/thumb/v7e-m+fp/hard\libgcc.a
LOAD C:/ST/STM32CubeIDE_1.19.0/STM32CubeIDE/plugins/com.st.stm32cube.ide.mcu.externaltools.gnu-tools-for-stm32.13.3.rel1.win32_1.0.0.202411081344/tools/bin/../lib/gcc/arm-none-eabi/13.3.1/../../../../arm-none-eabi/lib/thumb/v7e-m+fp/hard\libc_nano.a
LOAD C:/ST/STM32CubeIDE_1.19.0/STM32CubeIDE/plugins/com.st.stm32cube.ide.mcu.externaltools.gnu-tools-for-stm32.13.3.rel1.win32_1.0.0.202411081344/tools/bin/../lib/gcc/arm-none-eabi/13.3.1/../../../../arm-none-eabi/lib/thumb/v7e-m+fp/hard\libnosys.a
END GROUP
LOAD C:/ST/STM32CubeIDE_1.19.0/STM32CubeIDE/plugins/com.st.stm32cube.ide.mcu.externaltools.gnu-tools-for-stm32.13.3.rel1.win32_1.0.0.202411081344/tools/bin/../lib/gcc/arm-none-eabi/13.3.1/thumb/v7e-m+fp/hard/crtend.o
LOAD C:/ST/STM32CubeIDE_1.19.0/STM32CubeIDE/plugins/com.st.stm32cube.ide.mcu.externaltools.gnu-tools-for-stm32.13.3.rel1.win32_1.0.0.202411081344/tools/bin/../lib/gcc/arm-none-eabi/13.3.1/thumb/v7e-m+fp/hard/crtn.o
                0x20020000                        _estack = (ORIGIN (RAM) + LENGTH (RAM))
                0x00000200                        _Min_Heap_Size = 0x200
                0x00000400                        _Min_Stack_Size = 0x400

.isr_vector     0x08000000      0x188
                0x08000000                        . = ALIGN (0x4)
 *(.isr_vector)
 .isr_vector    0x08000000      0x188 ./Core/Startup/startup_stm32f405rgtx.o
                0x08000000                g_pfnVectors
                0x08000188                        . = ALIGN (0x4)

.text           0x08000188     0x2d5c
                0x08000188                        . = ALIGN (0x4)
 *(.text)
 .text          0x08000188       0x40 C:/ST/STM32CubeIDE_1.19.0/STM32CubeIDE/plugins/com.st.stm32cube.ide.mcu.externaltools.gnu-tools-for-stm32.13.3.rel1.win32_1.0.0.202411081344/tools/bin/../lib/gcc/arm-none-eabi/13.3.1/thumb/v7e-m+fp/hard/crtbegin.o
 .text          0x080001c8       0x30 C:/ST/STM32CubeIDE_1.19.0/STM32CubeIDE/plugins/com.st.stm32cube.ide.mcu.externaltools.gnu-tools-for-stm32.13.3.rel1.win32_1.0.0.202411081344/tools/bin/../lib/gcc/arm-none-eabi/13.3.1/thumb/v7e-m+fp/hard\libgcc.a(_aeabi_uldivmod.o)
                0x080001c8                __aeabi_uldivmod
 .text          0x080001f8      0x2f8 C:/ST/STM32CubeIDE_1.19.0/STM32CubeIDE/plugins/com.st.stm32cube.ide.mcu.externaltools.gnu-tools-for-stm32.13.3.rel1.win32_1.0.0.202411081344/tools/bin/../lib/gcc/arm-none-eabi/13.3.1/thumb/v7e-m+fp/hard\libgcc.a(_udivmoddi4.o)
                0x080001f8                __udivmoddi4
 .text          0x080004f0        0x4 C:/ST/STM32CubeIDE_1.19.0/STM32CubeIDE/plugins/com.st.stm32cube.ide.mcu.externaltools.gnu-tools-for-stm32.13.3.rel1.win32_1.0.0.202411081344/tools/bin/../lib/gcc/arm-none-eabi/13.3.1/thumb/v7e-m+fp/hard\libgcc.a(_dvmd_tls.o)
                0x080004f0                __aeabi_idiv0
                0x080004f0                __aeabi_ldiv0
 *(.text*)
 .text.MX_ADC1_Init
                0x080004f4       0xa4 ./Core/Src/adc.o
                0x080004f4                MX_ADC1_Init
 .text.HAL_ADC_MspInit
                0x08000598       0xb8 ./Core/Src/adc.o
                0x08000598                HAL_ADC_MspInit
 .text.MX_DMA_Init
                0x08000650       0x60 ./Core/Src/dma.o
                0x08000650                MX_DMA_Init
 .text.MX_GPIO_Init
                0x080006b0       0xd0 ./Core/Src/gpio.o
                0x080006b0                MX_GPIO_Init
 .text.main     0x08000780       0x2c ./Core/Src/main.o
                0x08000780                main
 .text.SystemClock_Config
                0x080007ac       0xd4 ./Core/Src/main.o
                0x080007ac                SystemClock_Config
 .text.Error_Handler
                0x08000880        0xc ./Core/Src/main.o
                0x08000880                Error_Handler
 .text.MX_SPI1_Init
                0x0800088c       0x6c ./Core/Src/spi.o
                0x0800088c                MX_SPI1_Init
 .text.HAL_SPI_MspInit
                0x080008f8      0x170 ./Core/Src/spi.o
                0x080008f8                HAL_SPI_MspInit
 .text.HAL_MspInit
                0x08000a68       0x50 ./Core/Src/stm32f4xx_hal_msp.o
                0x08000a68                HAL_MspInit
 .text.NMI_Handler
                0x08000ab8        0x8 ./Core/Src/stm32f4xx_it.o
                0x08000ab8                NMI_Handler
 .text.HardFault_Handler
                0x08000ac0        0x8 ./Core/Src/stm32f4xx_it.o
                0x08000ac0                HardFault_Handler
 .text.MemManage_Handler
                0x08000ac8        0x8 ./Core/Src/stm32f4xx_it.o
                0x08000ac8                MemManage_Handler
 .text.BusFault_Handler
                0x08000ad0        0x8 ./Core/Src/stm32f4xx_it.o
                0x08000ad0                BusFault_Handler
 .text.UsageFault_Handler
                0x08000ad8        0x8 ./Core/Src/stm32f4xx_it.o
                0x08000ad8                UsageFault_Handler
 .text.SVC_Handler
                0x08000ae0        0xe ./Core/Src/stm32f4xx_it.o
                0x08000ae0                SVC_Handler
 .text.DebugMon_Handler
                0x08000aee        0xe ./Core/Src/stm32f4xx_it.o
                0x08000aee                DebugMon_Handler
 .text.PendSV_Handler
                0x08000afc        0xe ./Core/Src/stm32f4xx_it.o
                0x08000afc                PendSV_Handler
 .text.SysTick_Handler
                0x08000b0a        0xc ./Core/Src/stm32f4xx_it.o
                0x08000b0a                SysTick_Handler
 *fill*         0x08000b16        0x2 
 .text.ADC_IRQHandler
                0x08000b18       0x14 ./Core/Src/stm32f4xx_it.o
                0x08000b18                ADC_IRQHandler
 .text.SPI1_IRQHandler
                0x08000b2c       0x14 ./Core/Src/stm32f4xx_it.o
                0x08000b2c                SPI1_IRQHandler
 .text.DMA2_Stream0_IRQHandler
                0x08000b40       0x14 ./Core/Src/stm32f4xx_it.o
                0x08000b40                DMA2_Stream0_IRQHandler
 .text.DMA2_Stream3_IRQHandler
                0x08000b54       0x14 ./Core/Src/stm32f4xx_it.o
                0x08000b54                DMA2_Stream3_IRQHandler
 .text.DMA2_Stream4_IRQHandler
                0x08000b68       0x14 ./Core/Src/stm32f4xx_it.o
                0x08000b68                DMA2_Stream4_IRQHandler
 .text.SystemInit
                0x08000b7c       0x24 ./Core/Src/system_stm32f4xx.o
                0x08000b7c                SystemInit
 .text.Long_ADC_startADC1Int
                0x08000ba0       0x16 ./Core/Src/temperature.o
                0x08000ba0                Long_ADC_startADC1Int
 *fill*         0x08000bb6        0x2 
 .text.HAL_ADC_ConvCpltCallback
                0x08000bb8       0x58 ./Core/Src/temperature.o
                0x08000bb8                HAL_ADC_ConvCpltCallback
 .text.Long_ADC_getSTM32Temperature
                0x08000c10       0x74 ./Core/Src/temperature.o
                0x08000c10                Long_ADC_getSTM32Temperature
 .text.Reset_Handler
                0x08000c84       0x50 ./Core/Startup/startup_stm32f405rgtx.o
                0x08000c84                Reset_Handler
 .text.Default_Handler
                0x08000cd4        0x2 ./Core/Startup/startup_stm32f405rgtx.o
                0x08000cd4                RTC_Alarm_IRQHandler
                0x08000cd4                HASH_RNG_IRQHandler
                0x08000cd4                EXTI2_IRQHandler
                0x08000cd4                TIM8_CC_IRQHandler
                0x08000cd4                TIM1_CC_IRQHandler
                0x08000cd4                DMA2_Stream5_IRQHandler
                0x08000cd4                DMA1_Stream5_IRQHandler
                0x08000cd4                PVD_IRQHandler
                0x08000cd4                SDIO_IRQHandler
                0x08000cd4                TAMP_STAMP_IRQHandler
                0x08000cd4                CAN2_RX1_IRQHandler
                0x08000cd4                EXTI3_IRQHandler
                0x08000cd4                TIM8_TRG_COM_TIM14_IRQHandler
                0x08000cd4                TIM1_UP_TIM10_IRQHandler
                0x08000cd4                TIM8_UP_TIM13_IRQHandler
                0x08000cd4                I2C3_ER_IRQHandler
                0x08000cd4                EXTI0_IRQHandler
                0x08000cd4                I2C2_EV_IRQHandler
                0x08000cd4                DMA1_Stream2_IRQHandler
                0x08000cd4                CAN1_RX0_IRQHandler
                0x08000cd4                FPU_IRQHandler
                0x08000cd4                OTG_HS_WKUP_IRQHandler
                0x08000cd4                CAN2_SCE_IRQHandler
                0x08000cd4                DMA2_Stream2_IRQHandler
                0x08000cd4                TIM6_DAC_IRQHandler
                0x08000cd4                TIM1_BRK_TIM9_IRQHandler
                0x08000cd4                CAN2_RX0_IRQHandler
                0x08000cd4                USART6_IRQHandler
                0x08000cd4                USART3_IRQHandler
                0x08000cd4                CAN1_RX1_IRQHandler
                0x08000cd4                UART5_IRQHandler
                0x08000cd4                TIM4_IRQHandler
                0x08000cd4                I2C1_EV_IRQHandler
                0x08000cd4                DMA1_Stream6_IRQHandler
                0x08000cd4                DMA1_Stream1_IRQHandler
                0x08000cd4                UART4_IRQHandler
                0x08000cd4                TIM3_IRQHandler
                0x08000cd4                RCC_IRQHandler
                0x08000cd4                TIM8_BRK_TIM12_IRQHandler
                0x08000cd4                Default_Handler
                0x08000cd4                EXTI15_10_IRQHandler
                0x08000cd4                DMA1_Stream7_IRQHandler
                0x08000cd4                TIM7_IRQHandler
                0x08000cd4                CAN2_TX_IRQHandler
                0x08000cd4                TIM5_IRQHandler
                0x08000cd4                DMA2_Stream7_IRQHandler
                0x08000cd4                I2C3_EV_IRQHandler
                0x08000cd4                EXTI9_5_IRQHandler
                0x08000cd4                RTC_WKUP_IRQHandler
                0x08000cd4                SPI2_IRQHandler
                0x08000cd4                OTG_HS_EP1_IN_IRQHandler
                0x08000cd4                DMA1_Stream0_IRQHandler
                0x08000cd4                CAN1_TX_IRQHandler
                0x08000cd4                EXTI4_IRQHandler
                0x08000cd4                FSMC_IRQHandler
                0x08000cd4                OTG_HS_EP1_OUT_IRQHandler
                0x08000cd4                WWDG_IRQHandler
                0x08000cd4                TIM2_IRQHandler
                0x08000cd4                OTG_FS_WKUP_IRQHandler
                0x08000cd4                TIM1_TRG_COM_TIM11_IRQHandler
                0x08000cd4                OTG_HS_IRQHandler
                0x08000cd4                EXTI1_IRQHandler
                0x08000cd4                USART2_IRQHandler
                0x08000cd4                I2C2_ER_IRQHandler
                0x08000cd4                DMA2_Stream1_IRQHandler
                0x08000cd4                CAN1_SCE_IRQHandler
                0x08000cd4                FLASH_IRQHandler
                0x08000cd4                USART1_IRQHandler
                0x08000cd4                OTG_FS_IRQHandler
                0x08000cd4                SPI3_IRQHandler
                0x08000cd4                DMA1_Stream4_IRQHandler
                0x08000cd4                I2C1_ER_IRQHandler
                0x08000cd4                DMA2_Stream6_IRQHandler
                0x08000cd4                DMA1_Stream3_IRQHandler
 *fill*         0x08000cd6        0x2 
 .text.HAL_Init
                0x08000cd8       0x44 ./Drivers/STM32F4xx_HAL_Driver/Src/stm32f4xx_hal.o
                0x08000cd8                HAL_Init
 .text.HAL_InitTick
                0x08000d1c       0x60 ./Drivers/STM32F4xx_HAL_Driver/Src/stm32f4xx_hal.o
                0x08000d1c                HAL_InitTick
 .text.HAL_IncTick
                0x08000d7c       0x28 ./Drivers/STM32F4xx_HAL_Driver/Src/stm32f4xx_hal.o
                0x08000d7c                HAL_IncTick
 .text.HAL_GetTick
                0x08000da4       0x18 ./Drivers/STM32F4xx_HAL_Driver/Src/stm32f4xx_hal.o
                0x08000da4                HAL_GetTick
 .text.HAL_ADC_Init
                0x08000dbc       0x86 ./Drivers/STM32F4xx_HAL_Driver/Src/stm32f4xx_hal_adc.o
                0x08000dbc                HAL_ADC_Init
 *fill*         0x08000e42        0x2 
 .text.HAL_ADC_Start_IT
                0x08000e44      0x1bc ./Drivers/STM32F4xx_HAL_Driver/Src/stm32f4xx_hal_adc.o
                0x08000e44                HAL_ADC_Start_IT
 .text.HAL_ADC_IRQHandler
                0x08001000      0x220 ./Drivers/STM32F4xx_HAL_Driver/Src/stm32f4xx_hal_adc.o
                0x08001000                HAL_ADC_IRQHandler
 .text.HAL_ADC_GetValue
                0x08001220       0x1a ./Drivers/STM32F4xx_HAL_Driver/Src/stm32f4xx_hal_adc.o
                0x08001220                HAL_ADC_GetValue
 .text.HAL_ADC_LevelOutOfWindowCallback
                0x0800123a       0x14 ./Drivers/STM32F4xx_HAL_Driver/Src/stm32f4xx_hal_adc.o
                0x0800123a                HAL_ADC_LevelOutOfWindowCallback
 .text.HAL_ADC_ErrorCallback
                0x0800124e       0x14 ./Drivers/STM32F4xx_HAL_Driver/Src/stm32f4xx_hal_adc.o
                0x0800124e                HAL_ADC_ErrorCallback
 *fill*         0x08001262        0x2 
 .text.HAL_ADC_ConfigChannel
                0x08001264      0x244 ./Drivers/STM32F4xx_HAL_Driver/Src/stm32f4xx_hal_adc.o
                0x08001264                HAL_ADC_ConfigChannel
 .text.ADC_Init
                0x080014a8      0x1f8 ./Drivers/STM32F4xx_HAL_Driver/Src/stm32f4xx_hal_adc.o
 .text.HAL_ADCEx_InjectedConvCpltCallback
                0x080016a0       0x14 ./Drivers/STM32F4xx_HAL_Driver/Src/stm32f4xx_hal_adc_ex.o
                0x080016a0                HAL_ADCEx_InjectedConvCpltCallback
 .text.__NVIC_SetPriorityGrouping
                0x080016b4       0x48 ./Drivers/STM32F4xx_HAL_Driver/Src/stm32f4xx_hal_cortex.o
 .text.__NVIC_GetPriorityGrouping
                0x080016fc       0x1c ./Drivers/STM32F4xx_HAL_Driver/Src/stm32f4xx_hal_cortex.o
 .text.__NVIC_EnableIRQ
                0x08001718       0x3c ./Drivers/STM32F4xx_HAL_Driver/Src/stm32f4xx_hal_cortex.o
 .text.__NVIC_SetPriority
                0x08001754       0x54 ./Drivers/STM32F4xx_HAL_Driver/Src/stm32f4xx_hal_cortex.o
 .text.NVIC_EncodePriority
                0x080017a8       0x66 ./Drivers/STM32F4xx_HAL_Driver/Src/stm32f4xx_hal_cortex.o
 *fill*         0x0800180e        0x2 
 .text.SysTick_Config
                0x08001810       0x44 ./Drivers/STM32F4xx_HAL_Driver/Src/stm32f4xx_hal_cortex.o
 .text.HAL_NVIC_SetPriorityGrouping
                0x08001854       0x16 ./Drivers/STM32F4xx_HAL_Driver/Src/stm32f4xx_hal_cortex.o
                0x08001854                HAL_NVIC_SetPriorityGrouping
 .text.HAL_NVIC_SetPriority
                0x0800186a       0x38 ./Drivers/STM32F4xx_HAL_Driver/Src/stm32f4xx_hal_cortex.o
                0x0800186a                HAL_NVIC_SetPriority
 .text.HAL_NVIC_EnableIRQ
                0x080018a2       0x1c ./Drivers/STM32F4xx_HAL_Driver/Src/stm32f4xx_hal_cortex.o
                0x080018a2                HAL_NVIC_EnableIRQ
 .text.HAL_SYSTICK_Config
                0x080018be       0x18 ./Drivers/STM32F4xx_HAL_Driver/Src/stm32f4xx_hal_cortex.o
                0x080018be                HAL_SYSTICK_Config
 *fill*         0x080018d6        0x2 
 .text.HAL_DMA_Init
                0x080018d8      0x15c ./Drivers/STM32F4xx_HAL_Driver/Src/stm32f4xx_hal_dma.o
                0x080018d8                HAL_DMA_Init
 .text.HAL_DMA_Abort_IT
                0x08001a34       0x44 ./Drivers/STM32F4xx_HAL_Driver/Src/stm32f4xx_hal_dma.o
                0x08001a34                HAL_DMA_Abort_IT
 .text.HAL_DMA_IRQHandler
                0x08001a78      0x314 ./Drivers/STM32F4xx_HAL_Driver/Src/stm32f4xx_hal_dma.o
                0x08001a78                HAL_DMA_IRQHandler
 .text.DMA_CalcBaseAndBitshift
                0x08001d8c       0x6c ./Drivers/STM32F4xx_HAL_Driver/Src/stm32f4xx_hal_dma.o
 .text.DMA_CheckFifoParam
                0x08001df8       0xf8 ./Drivers/STM32F4xx_HAL_Driver/Src/stm32f4xx_hal_dma.o
 .text.HAL_GPIO_Init
                0x08001ef0      0x338 ./Drivers/STM32F4xx_HAL_Driver/Src/stm32f4xx_hal_gpio.o
                0x08001ef0                HAL_GPIO_Init
 .text.HAL_GPIO_WritePin
                0x08002228       0x32 ./Drivers/STM32F4xx_HAL_Driver/Src/stm32f4xx_hal_gpio.o
                0x08002228                HAL_GPIO_WritePin
 *fill*         0x0800225a        0x2 
 .text.HAL_RCC_OscConfig
                0x0800225c      0x4f0 ./Drivers/STM32F4xx_HAL_Driver/Src/stm32f4xx_hal_rcc.o
                0x0800225c                HAL_RCC_OscConfig
 .text.HAL_RCC_ClockConfig
                0x0800274c      0x1cc ./Drivers/STM32F4xx_HAL_Driver/Src/stm32f4xx_hal_rcc.o
                0x0800274c                HAL_RCC_ClockConfig
 .text.HAL_RCC_GetSysClockFreq
                0x08002918      0x20c ./Drivers/STM32F4xx_HAL_Driver/Src/stm32f4xx_hal_rcc.o
                0x08002918                HAL_RCC_GetSysClockFreq
 .text.HAL_SPI_Init
                0x08002b24      0x112 ./Drivers/STM32F4xx_HAL_Driver/Src/stm32f4xx_hal_spi.o
                0x08002b24                HAL_SPI_Init
 *fill*         0x08002c36        0x2 
 .text.HAL_SPI_IRQHandler
                0x08002c38      0x200 ./Drivers/STM32F4xx_HAL_Driver/Src/stm32f4xx_hal_spi.o
                0x08002c38                HAL_SPI_IRQHandler
 .text.HAL_SPI_ErrorCallback
                0x08002e38       0x14 ./Drivers/STM32F4xx_HAL_Driver/Src/stm32f4xx_hal_spi.o
                0x08002e38                HAL_SPI_ErrorCallback
 .text.SPI_DMAAbortOnError
                0x08002e4c       0x28 ./Drivers/STM32F4xx_HAL_Driver/Src/stm32f4xx_hal_spi.o
 .text.memset   0x08002e74       0x10 C:/ST/STM32CubeIDE_1.19.0/STM32CubeIDE/plugins/com.st.stm32cube.ide.mcu.externaltools.gnu-tools-for-stm32.13.3.rel1.win32_1.0.0.202411081344/tools/bin/../lib/gcc/arm-none-eabi/13.3.1/../../../../arm-none-eabi/lib/thumb/v7e-m+fp/hard\libc_nano.a(libc_a-memset.o)
                0x08002e74                memset
 .text.__libc_init_array
                0x08002e84       0x48 C:/ST/STM32CubeIDE_1.19.0/STM32CubeIDE/plugins/com.st.stm32cube.ide.mcu.externaltools.gnu-tools-for-stm32.13.3.rel1.win32_1.0.0.202411081344/tools/bin/../lib/gcc/arm-none-eabi/13.3.1/../../../../arm-none-eabi/lib/thumb/v7e-m+fp/hard\libc_nano.a(libc_a-init.o)
                0x08002e84                __libc_init_array
 *(.glue_7)
 .glue_7        0x08002ecc        0x0 linker stubs
 *(.glue_7t)
 .glue_7t       0x08002ecc        0x0 linker stubs
 *(.eh_frame)
 .eh_frame      0x08002ecc        0x0 C:/ST/STM32CubeIDE_1.19.0/STM32CubeIDE/plugins/com.st.stm32cube.ide.mcu.externaltools.gnu-tools-for-stm32.13.3.rel1.win32_1.0.0.202411081344/tools/bin/../lib/gcc/arm-none-eabi/13.3.1/thumb/v7e-m+fp/hard/crtbegin.o
 *(.init)
 .init          0x08002ecc        0x4 C:/ST/STM32CubeIDE_1.19.0/STM32CubeIDE/plugins/com.st.stm32cube.ide.mcu.externaltools.gnu-tools-for-stm32.13.3.rel1.win32_1.0.0.202411081344/tools/bin/../lib/gcc/arm-none-eabi/13.3.1/thumb/v7e-m+fp/hard/crti.o
                0x08002ecc                _init
 .init          0x08002ed0        0x8 C:/ST/STM32CubeIDE_1.19.0/STM32CubeIDE/plugins/com.st.stm32cube.ide.mcu.externaltools.gnu-tools-for-stm32.13.3.rel1.win32_1.0.0.202411081344/tools/bin/../lib/gcc/arm-none-eabi/13.3.1/thumb/v7e-m+fp/hard/crtn.o
 *(.fini)
 .fini          0x08002ed8        0x4 C:/ST/STM32CubeIDE_1.19.0/STM32CubeIDE/plugins/com.st.stm32cube.ide.mcu.externaltools.gnu-tools-for-stm32.13.3.rel1.win32_1.0.0.202411081344/tools/bin/../lib/gcc/arm-none-eabi/13.3.1/thumb/v7e-m+fp/hard/crti.o
                0x08002ed8                _fini
 .fini          0x08002edc        0x8 C:/ST/STM32CubeIDE_1.19.0/STM32CubeIDE/plugins/com.st.stm32cube.ide.mcu.externaltools.gnu-tools-for-stm32.13.3.rel1.win32_1.0.0.202411081344/tools/bin/../lib/gcc/arm-none-eabi/13.3.1/thumb/v7e-m+fp/hard/crtn.o
                0x08002ee4                        . = ALIGN (0x4)
                0x08002ee4                        _etext = .

.vfp11_veneer   0x08002ee4        0x0
 .vfp11_veneer  0x08002ee4        0x0 linker stubs

.v4_bx          0x08002ee4        0x0
 .v4_bx         0x08002ee4        0x0 linker stubs

.iplt           0x08002ee4        0x0
 .iplt          0x08002ee4        0x0 C:/ST/STM32CubeIDE_1.19.0/STM32CubeIDE/plugins/com.st.stm32cube.ide.mcu.externaltools.gnu-tools-for-stm32.13.3.rel1.win32_1.0.0.202411081344/tools/bin/../lib/gcc/arm-none-eabi/13.3.1/thumb/v7e-m+fp/hard/crtbegin.o

.rodata         0x08002ee4       0x18
                0x08002ee4                        . = ALIGN (0x4)
 *(.rodata)
 *(.rodata*)
 .rodata.AHBPrescTable
                0x08002ee4       0x10 ./Core/Src/system_stm32f4xx.o
                0x08002ee4                AHBPrescTable
 .rodata.flagBitshiftOffset.0
                0x08002ef4        0x8 ./Drivers/STM32F4xx_HAL_Driver/Src/stm32f4xx_hal_dma.o
                0x08002efc                        . = ALIGN (0x4)

.ARM.extab      0x08002efc        0x0
                0x08002efc                        . = ALIGN (0x4)
 *(.ARM.extab* .gnu.linkonce.armextab.*)
                0x08002efc                        . = ALIGN (0x4)

.ARM            0x08002efc        0x8
                0x08002efc                        . = ALIGN (0x4)
                0x08002efc                        __exidx_start = .
 *(.ARM.exidx*)
 .ARM.exidx     0x08002efc        0x8 C:/ST/STM32CubeIDE_1.19.0/STM32CubeIDE/plugins/com.st.stm32cube.ide.mcu.externaltools.gnu-tools-for-stm32.13.3.rel1.win32_1.0.0.202411081344/tools/bin/../lib/gcc/arm-none-eabi/13.3.1/thumb/v7e-m+fp/hard\libgcc.a(_udivmoddi4.o)
                0x08002f04                        __exidx_end = .
                0x08002f04                        . = ALIGN (0x4)

.preinit_array  0x08002f04        0x0
                0x08002f04                        . = ALIGN (0x4)
                0x08002f04                        PROVIDE (__preinit_array_start = .)
 *(.preinit_array*)
                0x08002f04                        PROVIDE (__preinit_array_end = .)
                0x08002f04                        . = ALIGN (0x4)

.init_array     0x08002f04        0x4
                0x08002f04                        . = ALIGN (0x4)
                0x08002f04                        PROVIDE (__init_array_start = .)
 *(SORT_BY_NAME(.init_array.*))
 *(.init_array*)
 .init_array    0x08002f04        0x4 C:/ST/STM32CubeIDE_1.19.0/STM32CubeIDE/plugins/com.st.stm32cube.ide.mcu.externaltools.gnu-tools-for-stm32.13.3.rel1.win32_1.0.0.202411081344/tools/bin/../lib/gcc/arm-none-eabi/13.3.1/thumb/v7e-m+fp/hard/crtbegin.o
                0x08002f08                        PROVIDE (__init_array_end = .)
                0x08002f08                        . = ALIGN (0x4)

.fini_array     0x08002f08        0x4
                0x08002f08                        . = ALIGN (0x4)
                [!provide]                        PROVIDE (__fini_array_start = .)
 *(SORT_BY_NAME(.fini_array.*))
 *(.fini_array*)
 .fini_array    0x08002f08        0x4 C:/ST/STM32CubeIDE_1.19.0/STM32CubeIDE/plugins/com.st.stm32cube.ide.mcu.externaltools.gnu-tools-for-stm32.13.3.rel1.win32_1.0.0.202411081344/tools/bin/../lib/gcc/arm-none-eabi/13.3.1/thumb/v7e-m+fp/hard/crtbegin.o
                [!provide]                        PROVIDE (__fini_array_end = .)
                0x08002f0c                        . = ALIGN (0x4)
                0x08002f0c                        _sidata = LOADADDR (.data)

.rel.dyn        0x08002f0c        0x0
 .rel.iplt      0x08002f0c        0x0 C:/ST/STM32CubeIDE_1.19.0/STM32CubeIDE/plugins/com.st.stm32cube.ide.mcu.externaltools.gnu-tools-for-stm32.13.3.rel1.win32_1.0.0.202411081344/tools/bin/../lib/gcc/arm-none-eabi/13.3.1/thumb/v7e-m+fp/hard/crtbegin.o

.data           0x20000000        0xc load address 0x08002f0c
                0x20000000                        . = ALIGN (0x4)
                0x20000000                        _sdata = .
 *(.data)
 *(.data*)
 .data.SystemCoreClock
                0x20000000        0x4 ./Core/Src/system_stm32f4xx.o
                0x20000000                SystemCoreClock
 .data.uwTickPrio
                0x20000004        0x4 ./Drivers/STM32F4xx_HAL_Driver/Src/stm32f4xx_hal.o
                0x20000004                uwTickPrio
 .data.uwTickFreq
                0x20000008        0x1 ./Drivers/STM32F4xx_HAL_Driver/Src/stm32f4xx_hal.o
                0x20000008                uwTickFreq
 *(.RamFunc)
 *(.RamFunc*)
                0x2000000c                        . = ALIGN (0x4)
 *fill*         0x20000009        0x3 
                0x2000000c                        _edata = .
                0x08002f18                        _siccmram = LOADADDR (.ccmram)

.igot.plt       0x2000000c        0x0 load address 0x08002f18
 .igot.plt      0x2000000c        0x0 C:/ST/STM32CubeIDE_1.19.0/STM32CubeIDE/plugins/com.st.stm32cube.ide.mcu.externaltools.gnu-tools-for-stm32.13.3.rel1.win32_1.0.0.202411081344/tools/bin/../lib/gcc/arm-none-eabi/13.3.1/thumb/v7e-m+fp/hard/crtbegin.o

.ccmram         0x10000000        0x0 load address 0x08002f18
                0x10000000                        . = ALIGN (0x4)
                0x10000000                        _sccmram = .
 *(.ccmram)
 *(.ccmram*)
                0x10000000                        . = ALIGN (0x4)
                0x10000000                        _eccmram = .
                0x10000000                        . = ALIGN (0x4)

.bss            0x2000000c      0x1e8
                0x2000000c                        _sbss = .
                0x2000000c                        __bss_start__ = _sbss
 *(.bss)
 .bss           0x2000000c       0x1c C:/ST/STM32CubeIDE_1.19.0/STM32CubeIDE/plugins/com.st.stm32cube.ide.mcu.externaltools.gnu-tools-for-stm32.13.3.rel1.win32_1.0.0.202411081344/tools/bin/../lib/gcc/arm-none-eabi/13.3.1/thumb/v7e-m+fp/hard/crtbegin.o
 *(.bss*)
 .bss.hadc1     0x20000028       0x48 ./Core/Src/adc.o
                0x20000028                hadc1
 .bss.hdma_adc1
                0x20000070       0x60 ./Core/Src/adc.o
                0x20000070                hdma_adc1
 .bss.hspi1     0x200000d0       0x58 ./Core/Src/spi.o
                0x200000d0                hspi1
 .bss.hdma_spi1_rx
                0x20000128       0x60 ./Core/Src/spi.o
                0x20000128                hdma_spi1_rx
 .bss.hdma_spi1_tx
                0x20000188       0x60 ./Core/Src/spi.o
                0x20000188                hdma_spi1_tx
 .bss.rawADCValueInt
                0x200001e8        0x4 ./Core/Src/temperature.o
                0x200001e8                rawADCValueInt
 .bss.STM32Temperature
                0x200001ec        0x4 ./Core/Src/temperature.o
                0x200001ec                STM32Temperature
 .bss.uwTick    0x200001f0        0x4 ./Drivers/STM32F4xx_HAL_Driver/Src/stm32f4xx_hal.o
                0x200001f0                uwTick
 *(COMMON)
                0x200001f4                        . = ALIGN (0x4)
                0x200001f4                        _ebss = .
                0x200001f4                        __bss_end__ = _ebss

._user_heap_stack
                0x200001f4      0x604
                0x200001f8                        . = ALIGN (0x8)
 *fill*         0x200001f4        0x4 
                [!provide]                        PROVIDE (end = .)
                0x200001f8                        PROVIDE (_end = .)
                0x200003f8                        . = (. + _Min_Heap_Size)
 *fill*         0x200001f8      0x200 
                0x200007f8                        . = (. + _Min_Stack_Size)
 *fill*         0x200003f8      0x400 
                0x200007f8                        . = ALIGN (0x8)

/DISCARD/
 libc.a(*)
 libm.a(*)
 libgcc.a(*)

.ARM.attributes
                0x00000000       0x30
 *(.ARM.attributes)
 .ARM.attributes
                0x00000000       0x22 C:/ST/STM32CubeIDE_1.19.0/STM32CubeIDE/plugins/com.st.stm32cube.ide.mcu.externaltools.gnu-tools-for-stm32.13.3.rel1.win32_1.0.0.202411081344/tools/bin/../lib/gcc/arm-none-eabi/13.3.1/thumb/v7e-m+fp/hard/crti.o
 .ARM.attributes
                0x00000022       0x34 C:/ST/STM32CubeIDE_1.19.0/STM32CubeIDE/plugins/com.st.stm32cube.ide.mcu.externaltools.gnu-tools-for-stm32.13.3.rel1.win32_1.0.0.202411081344/tools/bin/../lib/gcc/arm-none-eabi/13.3.1/thumb/v7e-m+fp/hard/crtbegin.o
 .ARM.attributes
                0x00000056       0x34 ./Core/Src/adc.o
 .ARM.attributes
                0x0000008a       0x34 ./Core/Src/dma.o
 .ARM.attributes
                0x000000be       0x34 ./Core/Src/gpio.o
 .ARM.attributes
                0x000000f2       0x34 ./Core/Src/main.o
 .ARM.attributes
                0x00000126       0x34 ./Core/Src/spi.o
 .ARM.attributes
                0x0000015a       0x34 ./Core/Src/stm32f4xx_hal_msp.o
 .ARM.attributes
                0x0000018e       0x34 ./Core/Src/stm32f4xx_it.o
 .ARM.attributes
                0x000001c2       0x34 ./Core/Src/system_stm32f4xx.o
 .ARM.attributes
                0x000001f6       0x34 ./Core/Src/temperature.o
 .ARM.attributes
                0x0000022a       0x21 ./Core/Startup/startup_stm32f405rgtx.o
 .ARM.attributes
                0x0000024b       0x34 ./Drivers/STM32F4xx_HAL_Driver/Src/stm32f4xx_hal.o
 .ARM.attributes
                0x0000027f       0x34 ./Drivers/STM32F4xx_HAL_Driver/Src/stm32f4xx_hal_adc.o
 .ARM.attributes
                0x000002b3       0x34 ./Drivers/STM32F4xx_HAL_Driver/Src/stm32f4xx_hal_adc_ex.o
 .ARM.attributes
                0x000002e7       0x34 ./Drivers/STM32F4xx_HAL_Driver/Src/stm32f4xx_hal_cortex.o
 .ARM.attributes
                0x0000031b       0x34 ./Drivers/STM32F4xx_HAL_Driver/Src/stm32f4xx_hal_dma.o
 .ARM.attributes
                0x0000034f       0x34 ./Drivers/STM32F4xx_HAL_Driver/Src/stm32f4xx_hal_gpio.o
 .ARM.attributes
                0x00000383       0x34 ./Drivers/STM32F4xx_HAL_Driver/Src/stm32f4xx_hal_rcc.o
 .ARM.attributes
                0x000003b7       0x34 ./Drivers/STM32F4xx_HAL_Driver/Src/stm32f4xx_hal_spi.o
 .ARM.attributes
                0x000003eb       0x34 C:/ST/STM32CubeIDE_1.19.0/STM32CubeIDE/plugins/com.st.stm32cube.ide.mcu.externaltools.gnu-tools-for-stm32.13.3.rel1.win32_1.0.0.202411081344/tools/bin/../lib/gcc/arm-none-eabi/13.3.1/../../../../arm-none-eabi/lib/thumb/v7e-m+fp/hard\libc_nano.a(libc_a-memset.o)
 .ARM.attributes
                0x0000041f       0x34 C:/ST/STM32CubeIDE_1.19.0/STM32CubeIDE/plugins/com.st.stm32cube.ide.mcu.externaltools.gnu-tools-for-stm32.13.3.rel1.win32_1.0.0.202411081344/tools/bin/../lib/gcc/arm-none-eabi/13.3.1/../../../../arm-none-eabi/lib/thumb/v7e-m+fp/hard\libc_nano.a(libc_a-init.o)
 .ARM.attributes
                0x00000453       0x22 C:/ST/STM32CubeIDE_1.19.0/STM32CubeIDE/plugins/com.st.stm32cube.ide.mcu.externaltools.gnu-tools-for-stm32.13.3.rel1.win32_1.0.0.202411081344/tools/bin/../lib/gcc/arm-none-eabi/13.3.1/thumb/v7e-m+fp/hard\libgcc.a(_aeabi_uldivmod.o)
 .ARM.attributes
                0x00000475       0x34 C:/ST/STM32CubeIDE_1.19.0/STM32CubeIDE/plugins/com.st.stm32cube.ide.mcu.externaltools.gnu-tools-for-stm32.13.3.rel1.win32_1.0.0.202411081344/tools/bin/../lib/gcc/arm-none-eabi/13.3.1/thumb/v7e-m+fp/hard\libgcc.a(_udivmoddi4.o)
 .ARM.attributes
                0x000004a9       0x22 C:/ST/STM32CubeIDE_1.19.0/STM32CubeIDE/plugins/com.st.stm32cube.ide.mcu.externaltools.gnu-tools-for-stm32.13.3.rel1.win32_1.0.0.202411081344/tools/bin/../lib/gcc/arm-none-eabi/13.3.1/thumb/v7e-m+fp/hard\libgcc.a(_dvmd_tls.o)
 .ARM.attributes
                0x000004cb       0x22 C:/ST/STM32CubeIDE_1.19.0/STM32CubeIDE/plugins/com.st.stm32cube.ide.mcu.externaltools.gnu-tools-for-stm32.13.3.rel1.win32_1.0.0.202411081344/tools/bin/../lib/gcc/arm-none-eabi/13.3.1/thumb/v7e-m+fp/hard/crtn.o
OUTPUT(STM32_UAV_SpeedyBee_F405.elf elf32-littlearm)
LOAD linker stubs
LOAD C:/ST/STM32CubeIDE_1.19.0/STM32CubeIDE/plugins/com.st.stm32cube.ide.mcu.externaltools.gnu-tools-for-stm32.13.3.rel1.win32_1.0.0.202411081344/tools/bin/../lib/gcc/arm-none-eabi/13.3.1/../../../../arm-none-eabi/lib/thumb/v7e-m+fp/hard\libc.a
LOAD C:/ST/STM32CubeIDE_1.19.0/STM32CubeIDE/plugins/com.st.stm32cube.ide.mcu.externaltools.gnu-tools-for-stm32.13.3.rel1.win32_1.0.0.202411081344/tools/bin/../lib/gcc/arm-none-eabi/13.3.1/../../../../arm-none-eabi/lib/thumb/v7e-m+fp/hard\libm.a
LOAD C:/ST/STM32CubeIDE_1.19.0/STM32CubeIDE/plugins/com.st.stm32cube.ide.mcu.externaltools.gnu-tools-for-stm32.13.3.rel1.win32_1.0.0.202411081344/tools/bin/../lib/gcc/arm-none-eabi/13.3.1/thumb/v7e-m+fp/hard\libgcc.a

.debug_info     0x00000000     0x9d77
 .debug_info    0x00000000      0xac8 ./Core/Src/adc.o
 .debug_info    0x00000ac8      0x49b ./Core/Src/dma.o
 .debug_info    0x00000f63      0x3ed ./Core/Src/gpio.o
 .debug_info    0x00001350      0xa1c ./Core/Src/main.o
 .debug_info    0x00001d6c      0xbf6 ./Core/Src/spi.o
 .debug_info    0x00002962      0x269 ./Core/Src/stm32f4xx_hal_msp.o
 .debug_info    0x00002bcb      0x960 ./Core/Src/stm32f4xx_it.o
 .debug_info    0x0000352b      0x512 ./Core/Src/system_stm32f4xx.o
 .debug_info    0x00003a3d      0x681 ./Core/Src/temperature.o
 .debug_info    0x000040be       0x30 ./Core/Startup/startup_stm32f405rgtx.o
 .debug_info    0x000040ee      0x932 ./Drivers/STM32F4xx_HAL_Driver/Src/stm32f4xx_hal.o
 .debug_info    0x00004a20      0xce3 ./Drivers/STM32F4xx_HAL_Driver/Src/stm32f4xx_hal_adc.o
 .debug_info    0x00005703      0xb68 ./Drivers/STM32F4xx_HAL_Driver/Src/stm32f4xx_hal_adc_ex.o
 .debug_info    0x0000626b      0xd7a ./Drivers/STM32F4xx_HAL_Driver/Src/stm32f4xx_hal_cortex.o
 .debug_info    0x00006fe5      0x8e7 ./Drivers/STM32F4xx_HAL_Driver/Src/stm32f4xx_hal_dma.o
 .debug_info    0x000078cc      0x6c3 ./Drivers/STM32F4xx_HAL_Driver/Src/stm32f4xx_hal_gpio.o
 .debug_info    0x00007f8f      0x8c3 ./Drivers/STM32F4xx_HAL_Driver/Src/stm32f4xx_hal_rcc.o
 .debug_info    0x00008852     0x1525 ./Drivers/STM32F4xx_HAL_Driver/Src/stm32f4xx_hal_spi.o

.debug_abbrev   0x00000000     0x219c
 .debug_abbrev  0x00000000      0x203 ./Core/Src/adc.o
 .debug_abbrev  0x00000203      0x10e ./Core/Src/dma.o
 .debug_abbrev  0x00000311      0x152 ./Core/Src/gpio.o
 .debug_abbrev  0x00000463      0x23c ./Core/Src/main.o
 .debug_abbrev  0x0000069f      0x22f ./Core/Src/spi.o
 .debug_abbrev  0x000008ce       0xd8 ./Core/Src/stm32f4xx_hal_msp.o
 .debug_abbrev  0x000009a6      0x1a1 ./Core/Src/stm32f4xx_it.o
 .debug_abbrev  0x00000b47      0x11a ./Core/Src/system_stm32f4xx.o
 .debug_abbrev  0x00000c61      0x1bb ./Core/Src/temperature.o
 .debug_abbrev  0x00000e1c       0x24 ./Core/Startup/startup_stm32f405rgtx.o
 .debug_abbrev  0x00000e40      0x214 ./Drivers/STM32F4xx_HAL_Driver/Src/stm32f4xx_hal.o
 .debug_abbrev  0x00001054      0x252 ./Drivers/STM32F4xx_HAL_Driver/Src/stm32f4xx_hal_adc.o
 .debug_abbrev  0x000012a6      0x270 ./Drivers/STM32F4xx_HAL_Driver/Src/stm32f4xx_hal_adc_ex.o
 .debug_abbrev  0x00001516      0x31d ./Drivers/STM32F4xx_HAL_Driver/Src/stm32f4xx_hal_cortex.o
 .debug_abbrev  0x00001833      0x264 ./Drivers/STM32F4xx_HAL_Driver/Src/stm32f4xx_hal_dma.o
 .debug_abbrev  0x00001a97      0x1d4 ./Drivers/STM32F4xx_HAL_Driver/Src/stm32f4xx_hal_gpio.o
 .debug_abbrev  0x00001c6b      0x2b7 ./Drivers/STM32F4xx_HAL_Driver/Src/stm32f4xx_hal_rcc.o
 .debug_abbrev  0x00001f22      0x27a ./Drivers/STM32F4xx_HAL_Driver/Src/stm32f4xx_hal_spi.o

.debug_aranges  0x00000000      0x8d0
 .debug_aranges
                0x00000000       0x30 ./Core/Src/adc.o
 .debug_aranges
                0x00000030       0x20 ./Core/Src/dma.o
 .debug_aranges
                0x00000050       0x20 ./Core/Src/gpio.o
 .debug_aranges
                0x00000070       0x30 ./Core/Src/main.o
 .debug_aranges
                0x000000a0       0x30 ./Core/Src/spi.o
 .debug_aranges
                0x000000d0       0x20 ./Core/Src/stm32f4xx_hal_msp.o
 .debug_aranges
                0x000000f0       0x88 ./Core/Src/stm32f4xx_it.o
 .debug_aranges
                0x00000178       0x28 ./Core/Src/system_stm32f4xx.o
 .debug_aranges
                0x000001a0       0x30 ./Core/Src/temperature.o
 .debug_aranges
                0x000001d0       0x28 ./Core/Startup/startup_stm32f405rgtx.o
 .debug_aranges
                0x000001f8       0xf0 ./Drivers/STM32F4xx_HAL_Driver/Src/stm32f4xx_hal.o
 .debug_aranges
                0x000002e8       0xe8 ./Drivers/STM32F4xx_HAL_Driver/Src/stm32f4xx_hal_adc.o
 .debug_aranges
                0x000003d0       0x90 ./Drivers/STM32F4xx_HAL_Driver/Src/stm32f4xx_hal_adc_ex.o
 .debug_aranges
                0x00000460      0x130 ./Drivers/STM32F4xx_HAL_Driver/Src/stm32f4xx_hal_cortex.o
 .debug_aranges
                0x00000590       0x90 ./Drivers/STM32F4xx_HAL_Driver/Src/stm32f4xx_hal_dma.o
 .debug_aranges
                0x00000620       0x58 ./Drivers/STM32F4xx_HAL_Driver/Src/stm32f4xx_hal_gpio.o
 .debug_aranges
                0x00000678       0x88 ./Drivers/STM32F4xx_HAL_Driver/Src/stm32f4xx_hal_rcc.o
 .debug_aranges
                0x00000700      0x1d0 ./Drivers/STM32F4xx_HAL_Driver/Src/stm32f4xx_hal_spi.o

.debug_rnglists
                0x00000000      0x687
 .debug_rnglists
                0x00000000       0x21 ./Core/Src/adc.o
 .debug_rnglists
                0x00000021       0x13 ./Core/Src/dma.o
 .debug_rnglists
                0x00000034       0x14 ./Core/Src/gpio.o
 .debug_rnglists
                0x00000048       0x20 ./Core/Src/main.o
 .debug_rnglists
                0x00000068       0x20 ./Core/Src/spi.o
 .debug_rnglists
                0x00000088       0x13 ./Core/Src/stm32f4xx_hal_msp.o
 .debug_rnglists
                0x0000009b       0x61 ./Core/Src/stm32f4xx_it.o
 .debug_rnglists
                0x000000fc       0x1a ./Core/Src/system_stm32f4xx.o
 .debug_rnglists
                0x00000116       0x1f ./Core/Src/temperature.o
 .debug_rnglists
                0x00000135       0x19 ./Core/Startup/startup_stm32f405rgtx.o
 .debug_rnglists
                0x0000014e       0xaf ./Drivers/STM32F4xx_HAL_Driver/Src/stm32f4xx_hal.o
 .debug_rnglists
                0x000001fd       0xb5 ./Drivers/STM32F4xx_HAL_Driver/Src/stm32f4xx_hal_adc.o
 .debug_rnglists
                0x000002b2       0x71 ./Drivers/STM32F4xx_HAL_Driver/Src/stm32f4xx_hal_adc_ex.o
 .debug_rnglists
                0x00000323       0xe0 ./Drivers/STM32F4xx_HAL_Driver/Src/stm32f4xx_hal_cortex.o
 .debug_rnglists
                0x00000403       0x70 ./Drivers/STM32F4xx_HAL_Driver/Src/stm32f4xx_hal_dma.o
 .debug_rnglists
                0x00000473       0x3f ./Drivers/STM32F4xx_HAL_Driver/Src/stm32f4xx_hal_gpio.o
 .debug_rnglists
                0x000004b2       0x66 ./Drivers/STM32F4xx_HAL_Driver/Src/stm32f4xx_hal_rcc.o
 .debug_rnglists
                0x00000518      0x16f ./Drivers/STM32F4xx_HAL_Driver/Src/stm32f4xx_hal_spi.o

.debug_macro    0x00000000    0x20321
 .debug_macro   0x00000000      0x1f6 ./Core/Src/adc.o
 .debug_macro   0x000001f6      0xad8 ./Core/Src/adc.o
 .debug_macro   0x00000cce      0x29b ./Core/Src/adc.o
 .debug_macro   0x00000f69       0x2e ./Core/Src/adc.o
 .debug_macro   0x00000f97       0x2f ./Core/Src/adc.o
 .debug_macro   0x00000fc6       0x22 ./Core/Src/adc.o
 .debug_macro   0x00000fe8       0x8e ./Core/Src/adc.o
 .debug_macro   0x00001076       0x51 ./Core/Src/adc.o
 .debug_macro   0x000010c7      0x103 ./Core/Src/adc.o
 .debug_macro   0x000011ca       0x6a ./Core/Src/adc.o
 .debug_macro   0x00001234      0x1df ./Core/Src/adc.o
 .debug_macro   0x00001413       0x1c ./Core/Src/adc.o
 .debug_macro   0x0000142f       0x22 ./Core/Src/adc.o
 .debug_macro   0x00001451       0xfb ./Core/Src/adc.o
 .debug_macro   0x0000154c     0x1011 ./Core/Src/adc.o
 .debug_macro   0x0000255d      0x11f ./Core/Src/adc.o
 .debug_macro   0x0000267c    0x1427b ./Core/Src/adc.o
 .debug_macro   0x000168f7       0x6d ./Core/Src/adc.o
 .debug_macro   0x00016964     0x3693 ./Core/Src/adc.o
 .debug_macro   0x00019ff7      0x190 ./Core/Src/adc.o
 .debug_macro   0x0001a187       0x5c ./Core/Src/adc.o
 .debug_macro   0x0001a1e3      0x8bc ./Core/Src/adc.o
 .debug_macro   0x0001aa9f      0x9e9 ./Core/Src/adc.o
 .debug_macro   0x0001b488      0x115 ./Core/Src/adc.o
 .debug_macro   0x0001b59d      0x130 ./Core/Src/adc.o
 .debug_macro   0x0001b6cd       0xa5 ./Core/Src/adc.o
 .debug_macro   0x0001b772      0x174 ./Core/Src/adc.o
 .debug_macro   0x0001b8e6      0x287 ./Core/Src/adc.o
 .debug_macro   0x0001bb6d       0x5f ./Core/Src/adc.o
 .debug_macro   0x0001bbcc      0x236 ./Core/Src/adc.o
 .debug_macro   0x0001be02      0xb5b ./Core/Src/adc.o
 .debug_macro   0x0001c95d      0x38b ./Core/Src/adc.o
 .debug_macro   0x0001cce8      0x176 ./Core/Src/adc.o
 .debug_macro   0x0001ce5e       0xf9 ./Core/Src/adc.o
 .debug_macro   0x0001cf57      0x12c ./Core/Src/adc.o
 .debug_macro   0x0001d083      0x21e ./Core/Src/adc.o
 .debug_macro   0x0001d2a1       0x2e ./Core/Src/adc.o
 .debug_macro   0x0001d2cf      0x127 ./Core/Src/adc.o
 .debug_macro   0x0001d3f6       0x7e ./Core/Src/adc.o
 .debug_macro   0x0001d474       0x89 ./Core/Src/adc.o
 .debug_macro   0x0001d4fd      0x225 ./Core/Src/adc.o
 .debug_macro   0x0001d722      0x12d ./Core/Src/adc.o
 .debug_macro   0x0001d84f      0x1f6 ./Core/Src/dma.o
 .debug_macro   0x0001da45      0x1f6 ./Core/Src/gpio.o
 .debug_macro   0x0001dc3b      0x35b ./Core/Src/main.o
 .debug_macro   0x0001df96       0x22 ./Core/Src/main.o
 .debug_macro   0x0001dfb8      0x19b ./Core/Src/main.o
 .debug_macro   0x0001e153      0x306 ./Core/Src/main.o
 .debug_macro   0x0001e459      0x3ff ./Core/Src/main.o
 .debug_macro   0x0001e858       0x4c ./Core/Src/main.o
 .debug_macro   0x0001e8a4       0x10 ./Core/Src/main.o
 .debug_macro   0x0001e8b4       0x28 ./Core/Src/main.o
 .debug_macro   0x0001e8dc      0x1f6 ./Core/Src/spi.o
 .debug_macro   0x0001ead2      0x1ec ./Core/Src/stm32f4xx_hal_msp.o
 .debug_macro   0x0001ecbe      0x1f6 ./Core/Src/stm32f4xx_it.o
 .debug_macro   0x0001eeb4      0x1e2 ./Core/Src/system_stm32f4xx.o
 .debug_macro   0x0001f096      0x2db ./Core/Src/temperature.o
 .debug_macro   0x0001f371      0x242 ./Drivers/STM32F4xx_HAL_Driver/Src/stm32f4xx_hal.o
 .debug_macro   0x0001f5b3      0x1e3 ./Drivers/STM32F4xx_HAL_Driver/Src/stm32f4xx_hal_adc.o
 .debug_macro   0x0001f796      0x1e2 ./Drivers/STM32F4xx_HAL_Driver/Src/stm32f4xx_hal_adc_ex.o
 .debug_macro   0x0001f978      0x1e2 ./Drivers/STM32F4xx_HAL_Driver/Src/stm32f4xx_hal_cortex.o
 .debug_macro   0x0001fb5a      0x1e8 ./Drivers/STM32F4xx_HAL_Driver/Src/stm32f4xx_hal_dma.o
 .debug_macro   0x0001fd42      0x1e8 ./Drivers/STM32F4xx_HAL_Driver/Src/stm32f4xx_hal_gpio.o
 .debug_macro   0x0001ff2a      0x206 ./Drivers/STM32F4xx_HAL_Driver/Src/stm32f4xx_hal_rcc.o
 .debug_macro   0x00020130      0x1f1 ./Drivers/STM32F4xx_HAL_Driver/Src/stm32f4xx_hal_spi.o

.debug_line     0x00000000     0xc93d
 .debug_line    0x00000000      0x802 ./Core/Src/adc.o
 .debug_line    0x00000802      0x75b ./Core/Src/dma.o
 .debug_line    0x00000f5d      0x778 ./Core/Src/gpio.o
 .debug_line    0x000016d5      0x9dd ./Core/Src/main.o
 .debug_line    0x000020b2      0x82b ./Core/Src/spi.o
 .debug_line    0x000028dd      0x75b ./Core/Src/stm32f4xx_hal_msp.o
 .debug_line    0x00003038      0x882 ./Core/Src/stm32f4xx_it.o
 .debug_line    0x000038ba      0x7d1 ./Core/Src/system_stm32f4xx.o
 .debug_line    0x0000408b      0x930 ./Core/Src/temperature.o
 .debug_line    0x000049bb       0x7a ./Core/Startup/startup_stm32f405rgtx.o
 .debug_line    0x00004a35      0xa4d ./Drivers/STM32F4xx_HAL_Driver/Src/stm32f4xx_hal.o
 .debug_line    0x00005482     0x1264 ./Drivers/STM32F4xx_HAL_Driver/Src/stm32f4xx_hal_adc.o
 .debug_line    0x000066e6      0xe98 ./Drivers/STM32F4xx_HAL_Driver/Src/stm32f4xx_hal_adc_ex.o
 .debug_line    0x0000757e      0xd1d ./Drivers/STM32F4xx_HAL_Driver/Src/stm32f4xx_hal_cortex.o
 .debug_line    0x0000829b      0xfb9 ./Drivers/STM32F4xx_HAL_Driver/Src/stm32f4xx_hal_dma.o
 .debug_line    0x00009254      0xba5 ./Drivers/STM32F4xx_HAL_Driver/Src/stm32f4xx_hal_gpio.o
 .debug_line    0x00009df9      0xe5c ./Drivers/STM32F4xx_HAL_Driver/Src/stm32f4xx_hal_rcc.o
 .debug_line    0x0000ac55     0x1ce8 ./Drivers/STM32F4xx_HAL_Driver/Src/stm32f4xx_hal_spi.o

.debug_str      0x00000000    0xc7e46
 .debug_str     0x00000000    0xc7e46 ./Core/Src/adc.o
                              0xbe74d (size before relaxing)
 .debug_str     0x000c7e46    0xbe26d ./Core/Src/dma.o
 .debug_str     0x000c7e46    0xbde3c ./Core/Src/gpio.o
 .debug_str     0x000c7e46    0xc5b67 ./Core/Src/main.o
 .debug_str     0x000c7e46    0xbe811 ./Core/Src/spi.o
 .debug_str     0x000c7e46    0xbdd71 ./Core/Src/stm32f4xx_hal_msp.o
 .debug_str     0x000c7e46    0xbe3af ./Core/Src/stm32f4xx_it.o
 .debug_str     0x000c7e46    0xbde21 ./Core/Src/system_stm32f4xx.o
 .debug_str     0x000c7e46    0xc1960 ./Core/Src/temperature.o
 .debug_str     0x000c7e46       0x76 ./Core/Startup/startup_stm32f405rgtx.o
 .debug_str     0x000c7e46    0xbe984 ./Drivers/STM32F4xx_HAL_Driver/Src/stm32f4xx_hal.o
 .debug_str     0x000c7e46    0xbe40e ./Drivers/STM32F4xx_HAL_Driver/Src/stm32f4xx_hal_adc.o
 .debug_str     0x000c7e46    0xbe462 ./Drivers/STM32F4xx_HAL_Driver/Src/stm32f4xx_hal_adc_ex.o
 .debug_str     0x000c7e46    0xbe700 ./Drivers/STM32F4xx_HAL_Driver/Src/stm32f4xx_hal_cortex.o
 .debug_str     0x000c7e46    0xbe23b ./Drivers/STM32F4xx_HAL_Driver/Src/stm32f4xx_hal_dma.o
 .debug_str     0x000c7e46    0xbdf9c ./Drivers/STM32F4xx_HAL_Driver/Src/stm32f4xx_hal_gpio.o
 .debug_str     0x000c7e46    0xbe255 ./Drivers/STM32F4xx_HAL_Driver/Src/stm32f4xx_hal_rcc.o
 .debug_str     0x000c7e46    0xbe6df ./Drivers/STM32F4xx_HAL_Driver/Src/stm32f4xx_hal_spi.o

.comment        0x00000000       0x43
 .comment       0x00000000       0x43 ./Core/Src/adc.o
                                 0x44 (size before relaxing)
 .comment       0x00000043       0x44 ./Core/Src/dma.o
 .comment       0x00000043       0x44 ./Core/Src/gpio.o
 .comment       0x00000043       0x44 ./Core/Src/main.o
 .comment       0x00000043       0x44 ./Core/Src/spi.o
 .comment       0x00000043       0x44 ./Core/Src/stm32f4xx_hal_msp.o
 .comment       0x00000043       0x44 ./Core/Src/stm32f4xx_it.o
 .comment       0x00000043       0x44 ./Core/Src/system_stm32f4xx.o
 .comment       0x00000043       0x44 ./Core/Src/temperature.o
 .comment       0x00000043       0x44 ./Drivers/STM32F4xx_HAL_Driver/Src/stm32f4xx_hal.o
 .comment       0x00000043       0x44 ./Drivers/STM32F4xx_HAL_Driver/Src/stm32f4xx_hal_adc.o
 .comment       0x00000043       0x44 ./Drivers/STM32F4xx_HAL_Driver/Src/stm32f4xx_hal_adc_ex.o
 .comment       0x00000043       0x44 ./Drivers/STM32F4xx_HAL_Driver/Src/stm32f4xx_hal_cortex.o
 .comment       0x00000043       0x44 ./Drivers/STM32F4xx_HAL_Driver/Src/stm32f4xx_hal_dma.o
 .comment       0x00000043       0x44 ./Drivers/STM32F4xx_HAL_Driver/Src/stm32f4xx_hal_gpio.o
 .comment       0x00000043       0x44 ./Drivers/STM32F4xx_HAL_Driver/Src/stm32f4xx_hal_rcc.o
 .comment       0x00000043       0x44 ./Drivers/STM32F4xx_HAL_Driver/Src/stm32f4xx_hal_spi.o

.debug_frame    0x00000000     0x218c
 .debug_frame   0x00000000       0x7c ./Core/Src/adc.o
 .debug_frame   0x0000007c       0x34 ./Core/Src/dma.o
 .debug_frame   0x000000b0       0x34 ./Core/Src/gpio.o
 .debug_frame   0x000000e4       0x68 ./Core/Src/main.o
 .debug_frame   0x0000014c       0x74 ./Core/Src/spi.o
 .debug_frame   0x000001c0       0x38 ./Core/Src/stm32f4xx_hal_msp.o
 .debug_frame   0x000001f8      0x190 ./Core/Src/stm32f4xx_it.o
 .debug_frame   0x00000388       0x58 ./Core/Src/system_stm32f4xx.o
 .debug_frame   0x000003e0       0x80 ./Core/Src/temperature.o
 .debug_frame   0x00000460      0x374 ./Drivers/STM32F4xx_HAL_Driver/Src/stm32f4xx_hal.o
 .debug_frame   0x000007d4      0x3fc ./Drivers/STM32F4xx_HAL_Driver/Src/stm32f4xx_hal_adc.o
 .debug_frame   0x00000bd0      0x250 ./Drivers/STM32F4xx_HAL_Driver/Src/stm32f4xx_hal_adc_ex.o
 .debug_frame   0x00000e20      0x508 ./Drivers/STM32F4xx_HAL_Driver/Src/stm32f4xx_hal_cortex.o
 .debug_frame   0x00001328      0x250 ./Drivers/STM32F4xx_HAL_Driver/Src/stm32f4xx_hal_dma.o
 .debug_frame   0x00001578      0x14c ./Drivers/STM32F4xx_HAL_Driver/Src/stm32f4xx_hal_gpio.o
 .debug_frame   0x000016c4      0x1f4 ./Drivers/STM32F4xx_HAL_Driver/Src/stm32f4xx_hal_rcc.o
 .debug_frame   0x000018b8      0x828 ./Drivers/STM32F4xx_HAL_Driver/Src/stm32f4xx_hal_spi.o
 .debug_frame   0x000020e0       0x20 C:/ST/STM32CubeIDE_1.19.0/STM32CubeIDE/plugins/com.st.stm32cube.ide.mcu.externaltools.gnu-tools-for-stm32.13.3.rel1.win32_1.0.0.202411081344/tools/bin/../lib/gcc/arm-none-eabi/13.3.1/../../../../arm-none-eabi/lib/thumb/v7e-m+fp/hard\libc_nano.a(libc_a-memset.o)
 .debug_frame   0x00002100       0x2c C:/ST/STM32CubeIDE_1.19.0/STM32CubeIDE/plugins/com.st.stm32cube.ide.mcu.externaltools.gnu-tools-for-stm32.13.3.rel1.win32_1.0.0.202411081344/tools/bin/../lib/gcc/arm-none-eabi/13.3.1/../../../../arm-none-eabi/lib/thumb/v7e-m+fp/hard\libc_nano.a(libc_a-init.o)
 .debug_frame   0x0000212c       0x2c C:/ST/STM32CubeIDE_1.19.0/STM32CubeIDE/plugins/com.st.stm32cube.ide.mcu.externaltools.gnu-tools-for-stm32.13.3.rel1.win32_1.0.0.202411081344/tools/bin/../lib/gcc/arm-none-eabi/13.3.1/thumb/v7e-m+fp/hard\libgcc.a(_aeabi_uldivmod.o)
 .debug_frame   0x00002158       0x34 C:/ST/STM32CubeIDE_1.19.0/STM32CubeIDE/plugins/com.st.stm32cube.ide.mcu.externaltools.gnu-tools-for-stm32.13.3.rel1.win32_1.0.0.202411081344/tools/bin/../lib/gcc/arm-none-eabi/13.3.1/thumb/v7e-m+fp/hard\libgcc.a(_udivmoddi4.o)

.debug_line_str
                0x00000000       0x5a
 .debug_line_str
                0x00000000       0x5a ./Core/Startup/startup_stm32f405rgtx.o
