../Core/Src/imu/icm42688_core.c:48:20:ICM42688_CS_Low	16	static
../Core/Src/imu/icm42688_core.c:55:20:ICM42688_CS_High	16	static
../Core/Src/imu/icm42688_core.c:69:20:ICM42688_Update_ScaleFactor	24	static
../Core/Src/imu/icm42688_core.c:100:34:ICM42688_WriteBank	24	static
../Core/Src/imu/icm42688_core.c:120:20:ICM42688_WriteReg	24	static
../Core/Src/imu/icm42688_core.c:145:20:ICM42688_ReadReg	40	static
../Core/Src/imu/icm42688_core.c:174:20:ICM42688_ReadRegs	32	static
../Core/Src/imu/icm42688_core.c:320:26:_icm42688_update_reg_bits	24	static
../Core/Src/imu/icm42688_core.c:351:33:ICM42688_Get_WhoAmI	16	static
../Core/Src/imu/icm42688_core.c:364:19:ICM42688_IsAlive	24	static
../Core/Src/imu/icm42688_core.c:388:19:ICM42688_SoftReset	32	static
../Core/Src/imu/icm42688_core.c:444:19:ICM42688_Set_SPI_Mode	32	static
../Core/Src/imu/icm42688_core.c:461:19:ICM42688_Get_SPI_SlewRate	24	static
../Core/Src/imu/icm42688_core.c:483:19:ICM42688_Set_SPI_SlewRate	32	static
../Core/Src/imu/icm42688_core.c:510:19:ICM42688_Set_GyroConfig	24	static
../Core/Src/imu/icm42688_core.c:595:19:ICM42688_Get_Gyro_Mode	24	static
../Core/Src/imu/icm42688_core.c:619:19:ICM42688_Get_Gyro_XYZ	24	static
../Core/Src/imu/icm42688_core.c:647:19:ICM42688_Get_Gyro_DPS	32	static
../Core/Src/imu/icm42688_core.c:672:19:ICM42688_Set_AccelConfig	24	static
../Core/Src/imu/icm42688_core.c:749:19:ICM42688_Get_Accel_Mode	24	static
../Core/Src/imu/icm42688_core.c:774:19:ICM42688_Get_Accel_XYZ	24	static
../Core/Src/imu/icm42688_core.c:801:19:ICM42688_Get_Accel_G	32	static
../Core/Src/imu/icm42688_core.c:825:19:ICM42688_Set_Int1_Config	32	static
../Core/Src/imu/icm42688_core.c:859:19:ICM42688_Set_Int2_Config	32	static
../Core/Src/imu/icm42688_core.c:893:23:ICM42688_Get_Int_Status	24	static
../Core/Src/imu/icm42688_core.c:910:6:ICM42688_IntStatus_Has	16	static
../Core/Src/imu/icm42688_core.c:926:19:ICM42688_Set_Temperature_Enable	32	static
../Core/Src/imu/icm42688_core.c:943:19:ICM42688_Get_Temperature_Raw	24	static
../Core/Src/imu/icm42688_core.c:972:19:ICM42688_Set_Gyro_UIFilt_BW	32	static
../Core/Src/imu/icm42688_core.c:996:19:ICM42688_Set_Accel_UIFilt_BW	24	static
../Core/Src/imu/icm42688_core.c:1047:19:ICM42688_Set_FIFO_Gyro_Enable	32	static
../Core/Src/imu/icm42688_core.c:1060:19:ICM42688_Set_FIFO_Accel_Enable	32	static
../Core/Src/imu/icm42688_core.c:1073:19:ICM42688_Set_FIFO_Temp_Enable	32	static
