../Core/Src/BLong.c:39:16:BLong_init	8	static
../Core/Src/BLong.c:72:28:BLong_MspInit	4	static
../Core/Src/BLong.c:85:28:BLong_MspDeInit	4	static
../Core/Src/BLong.c:99:38:BLong_initTick	24	static
../Core/Src/BLong.c:139:28:BLong_incTick	4	static
../Core/Src/BLong.c:151:32:BLong_getTick	4	static
../Core/Src/BLong.c:166:16:BLong_setTickFreq	24	static
../Core/Src/BLong.c:191:13:BLong_getTickFreq	4	static
../Core/Src/BLong.c:204:28:BLong_delay	24	static
../Core/Src/BLong.c:218:28:BLong_suspendTick	4	static
../Core/Src/BLong.c:227:28:BLong_resumeTick	4	static
