../Core/Src/BLong_cortex.c:18:6:BLong_NVIC_setPriorityGrouping	16	static
../Core/Src/BLong_cortex.c:28:22:BLong_getPriorityGrouping	8	static
../Core/Src/BLong_cortex.c:39:6:BLong_NVIC_enableIRQ	16	static
../Core/Src/BLong_cortex.c:50:6:BLong_NVIC_disableIRQ	16	static
../Core/Src/BLong_cortex.c:65:10:BLong_NVIC_getPendingIRQ	16	static
../Core/Src/BLong_cortex.c:75:6:BLong_NVIC_setPendingIRQ	16	static
../Core/Src/BLong_cortex.c:85:6:BLong_NVIC_clearPendingIRQ	16	static
../Core/Src/BLong_cortex.c:97:10:BLong_NVIC_getActiveInterrupt	16	static
../Core/Src/BLong_cortex.c:115:6:BLong_NVIC_setPriorityIRQ	32	static
../Core/Src/BLong_cortex.c:130:6:BLong_NVIC_getPriorityIRQ	24	static
../Core/Src/BLong_cortex.c:139:6:BLong_NVIC_systemReset	8	static
../Core/Src/BLong_cortex.c:151:6:BLong_SysTickConfig	16	static
../Core/Src/BLong_cortex.c:159:6:BLong_CORTEX_clearEvent	4	static,ignoring_inline_asm
../Core/Src/BLong_cortex.c:172:6:BLong_SysTick_cloclSourceConfig	16	static
../Core/Src/BLong_cortex.c:181:6:BLong_SysTick_IRQHandler	8	static
../Core/Src/BLong_cortex.c:190:28:BLong_SysTick_callBack	4	static
