../Core/Src/core_arm4.c:17:6:NVIC_setPriorityGrouping	24	static
../Core/Src/core_arm4.c:39:22:NVIC_getPriorityGrouping	4	static
../Core/Src/core_arm4.c:52:6:NVIC_enableIRQ	24	static,ignoring_inline_asm
../Core/Src/core_arm4.c:75:6:NVIC_getEnableIRQ	24	static
../Core/Src/core_arm4.c:95:6:NVIC_disableIRQ	24	static,ignoring_inline_asm
../Core/Src/core_arm4.c:121:10:NVIC_getPendingIRQ	32	static
../Core/Src/core_arm4.c:144:6:NVIC_setPendingIRQ	16	static
../Core/Src/core_arm4.c:164:6:NVIC_clearPendingIRQ	16	static
../Core/Src/core_arm4.c:178:10:NVIC_getActiveInterrupt	32	static
../Core/Src/core_arm4.c:205:6:NVIC_setPriorityIRQ	16	static
../Core/Src/core_arm4.c:237:10:NVIC_getPriorityIRQ	16	static
../Core/Src/core_arm4.c:262:10:NVIC_encodePriority	40	static
../Core/Src/core_arm4.c:294:6:NVIC_decodePriority	40	static
../Core/Src/core_arm4.c:323:6:NVIC_changeExternalIRQHandlerAddr	24	static
../Core/Src/core_arm4.c:340:10:NVIC_getExternalIRQHandlerAddr	24	static
../Core/Src/core_arm4.c:361:6:NVIC_changeExceptionIRQHandlerAddr	24	static
../Core/Src/core_arm4.c:377:10:NVIC_getExceptionIRQHandlerAddr	24	static
../Core/Src/core_arm4.c:391:36:NVIC_SystemReset	4	static,ignoring_inline_asm
../Core/Src/core_arm4.c:415:6:SysTick_config	16	static
