../Core/Src/flash.c:107:44:isValidFlashBit	16	static
../Core/Src/flash.c:127:40:FLASH_getBitWidth	24	static
../Core/Src/flash.c:174:47:writeFLASH	32	static
../Core/Src/flash.c:220:41:readFLASH	32	static
../Core/Src/flash.c:255:37:FLASH_clearErrorFlags	16	static
../Core/Src/flash.c:276:40:FLASH_sectorErase	16	static
../Core/Src/flash.c:305:40:FLASH_programming	32	static
../Core/Src/flash.c:340:30:FLASH_firmwareUpdate	24	static
../Core/Src/flash.c:373:16:FLASH_init	8	static
../Core/Src/flash.c:381:16:FLASH_resetCache	8	static
../Core/Src/flash.c:397:6:FLASH_setLatency	16	static
../Core/Src/flash.c:401:6:FLASH_enablePrefetch	8	static
../Core/Src/flash.c:405:6:FLASH_disablePrefetch	8	static
../Core/Src/flash.c:409:6:FLASH_enableInstructionCache	8	static
../Core/Src/flash.c:413:6:FLASH_disableInstructionCache	8	static
../Core/Src/flash.c:417:6:FLASH_enableDataCache	8	static
../Core/Src/flash.c:421:6:FLASH_disableDataCache	8	static
../Core/Src/flash.c:425:6:FLASH_resetInstructionCache	8	static
../Core/Src/flash.c:429:6:FLASH_resetDataCache	8	static
